// Jest Snapshot v1, https://goo.gl/fbAQLP

exports[`dropdown simply works 1`] = `
<div>
  <button
    class="my-button rc-dropdown-open"
  >
    open
  </button>
</div>
`;
